// Jest Snapshot v1, https://goo.gl/fbAQLP

exports[`should create an order 1`] = `
Object {
  "data": Object {
    "orderCreate": Object {
      "customerId": "00000000-0000-0000-0000-111111111111",
      "id": "00000000-0000-0000-0000-000000000000",
    },
  },
}
`;
