// Jest Snapshot v1, https://goo.gl/fbAQLP

exports[`should retrieve a list of events for each order 1`] = `
Object {
  "data": Object {
    "order": Object {
      "items": Array [
        Object {
          "customerId": "00000000-0000-0000-0000-111111111111",
          "events": Object {
            "items": Array [
              Object {
                "eventType": null,
                "id": "00000000-0000-0000-0000-000000000000",
              },
              Object {
                "eventType": null,
                "id": "00000000-0000-0000-0000-000000000000",
              },
            ],
          },
          "id": "00000000-0000-0000-0000-000000000000",
        },
      ],
    },
  },
}
`;
